✔ [3070/3206] Built QIT.Init (956ms)
✔ [3071/3206] Built QIT.Core.Components (180ms)
✔ [3072/3206] Built QIT.Core.System (950ms)
✔ [3073/3206] Built QIT.Util.TensorPower (940ms)
✔ [3074/3206] Built QIT.Util.Matrix (3.2s)
✔ [3075/3206] Built QIT.States.Purification.GramFacts (3.5s)
✔ [3076/3206] Built QIT.Util.SDP.PSDCone (3.4s)
✔ [3077/3206] Built QIT.Core.Measurement (3.7s)
✔ [3078/3206] Built QIT.Util.CMatrixCLM (3.9s)
✔ [3079/3206] Built QIT.Util.Matrix.PosSqrt (4.1s)
✔ [3080/3206] Built QIT.Util.BlockMatrix (4.7s)
✔ [3081/3206] Built QIT.Core.State (5.3s)
✔ [3082/3206] Built QIT.States.PosSqrt (1.0s)
✔ [3083/3206] Built QIT.States.Product (2.0s)
✔ [3084/3206] Built QIT.Classical.Ensemble (2.5s)
✔ [3085/3206] Built QIT.States.Purification.PartialIsometry (7.0s)
✔ [3086/3206] Built QIT.Core.Pure (3.1s)
✔ [3087/3206] Built QIT.States.TraceNorm.Distance (2.9s)
✔ [3088/3206] Built QIT.States.Purification.Predicate (2.7s)
✔ [3089/3206] Built QIT.States.PosSqrtOrder (3.9s)
✔ [3090/3206] Built QIT.States.Purification.ReferenceExtension (4.8s)
✔ [3091/3206] Built QIT.States.Geometry.Fidelity (3.1s)
✔ [3092/3206] Built QIT.Util.SDP.HermitianPSDTraceDuality (4.9s)
✔ [3093/3206] Built QIT.Classical.CQState (5.0s)
✔ [3094/3206] Built QIT.States.TraceNorm.BlockMatrix (4.4s)
✔ [3095/3206] Built QIT.Core.Map (11s)
✔ [3096/3206] Built QIT.States.Purification.Gram (5.6s)
✔ [3097/3206] Built QIT.States.Purification.ReferenceIsometry (7.3s)
✔ [3098/3206] Built QIT.States.Geometry.PureTargetFidelity (9.5s)
✔ [3099/3206] Built QIT.Core.Map.ChoiCharacterization (8.3s)
✔ [3100/3206] Built QIT.States.Purification.ReferenceUnitary (6.9s)
✔ [3101/3206] Built QIT.Core.Channel (9.4s)
✔ [3102/3206] Built QIT.States.TraceNorm.Spectral (13s)
✔ [3103/3206] Built QIT.Measurements.Map (4.9s)
✔ [3104/3206] Built QIT.States.Purification.PureGeometry (5.0s)
✔ [3105/3206] Built QIT.Information.CQChannel (5.2s)
✔ [3106/3206] Built QIT.Core.POVMProbability (5.4s)
✔ [3107/3206] Built QIT.States.Purification.GramFactorization (15s)
✔ [3108/3206] Built QIT.Core (3.8s)
✔ [3109/3206] Built QIT.Classical.Bridge (4.1s)
✔ [3110/3206] Built QIT.States.Purification.Equivalence (3.7s)
✔ [3111/3206] Built QIT.States.TraceNorm.PositivePart (12s)
✔ [3112/3206] Built QIT.States.TraceNorm.Variational (8.6s)
✔ [3113/3206] Built QIT.Information.BinaryHypothesisTest.Classical (7.8s)
✔ [3114/3206] Built QIT.HypothesisTesting.Basic (4.3s)
✔ [3115/3206] Built QIT.States.Schatten (33s)
✔ [3116/3206] Built QIT.States.TraceNorm.PositivePartBlock (7.0s)
✔ [3117/3206] Built QIT.States.Purification.Schatten (4.1s)
✔ [3118/3206] Built QIT.States.MaximallyMixed (4.3s)
✔ [3119/3206] Built QIT.Measurements.Projective (6.7s)
✔ [3120/3206] Built QIT.States.MaximallyEntangled (4.3s)
✔ [3121/3206] Built QIT.Channels.Diamond (11s)
✔ [3122/3206] Built QIT.States.Purification.Canonical (1.9s)
✔ [3123/3206] Built QIT.States.Purification.Uhlmann (5.1s)
✔ [3124/3206] Built QIT.States.Subnormalized (5.5s)
✔ [3125/3206] Built QIT.States.TraceNorm.Audenaert (12s)
✔ [3126/3206] Built QIT.States.Geometry.FidelityConcavity (2.7s)
✔ [3127/3206] Built QIT.States.Geometry.PurifiedDistance (3.6s)
✔ [3128/3206] Built QIT.States.SubnormalizedTopology (3.8s)
✔ [3129/3206] Built QIT.States.Purification.Conditioning (4.2s)
✔ [3130/3206] Built QIT.States.Geometry.FuchsVdG (4.7s)
✔ [3131/3206] Built QIT.States.Topology (2.5s)
✔ [3132/3206] Built QIT.States.SubnormalizedConvexity (3.1s)
✔ [3133/3206] Built QIT.States.Geometry.PurifiedDistanceAngle (3.6s)
✔ [3134/3206] Built QIT.States.Geometry (2.5s)
✔ [3135/3206] Built QIT.Information.Entropy.Entropy (4.6s)
✔ [3136/3206] Built QIT.States (2.6s)
✔ [3137/3206] Built QIT.Information.Entropy.Holevo (3.2s)
✔ [3138/3206] Built QIT.Information.Entropy.Log2Lemmas (3.3s)
✔ [3139/3206] Built QIT.Information.Entropy.EntropyTensorPower (5.2s)
✔ [3140/3206] Built QIT.Information.Entropy.RelativeEntropyTraceLog (7.3s)
✔ [3141/3206] Built QIT.HypothesisTesting.MutualInformation (7.8s)
✔ [3142/3206] Built QIT.Coding.Private.QubitEntropyIntervals (4.9s)
✔ [3143/3206] Built QIT.Coding.Classical.HSW (7.8s)
✔ [3144/3206] Built QIT.HypothesisTesting.ComparatorTest (3.9s)
✔ [3145/3206] Built QIT.Information.Renyi.Renyi (10s)
✔ [3146/3206] Built QIT.Information.Renyi.ConditionalRenyi (4.1s)
✔ [3147/3206] Built QIT.Information.BinaryHypothesisTest.Basic (4.9s)
✔ [3148/3206] Built QIT.Information.Renyi.RenyiDPIStatement (4.0s)
✔ [3149/3206] Built QIT.Information.Renyi.RenyiDPI.Domain (13s)
✔ [3150/3206] Built QIT.Information.BinaryHypothesisTest.Spectral (17s)
✔ [3151/3206] Built QIT.Information.BinaryHypothesisTest (3.5s)
✔ [3152/3206] Built QIT.Information.Renyi.FrankLieb.ScalarOperator (11s)
✔ [3153/3206] Built QIT.Information.Renyi.FrankLieb.Variational (7.7s)
✔ [3154/3206] Built QIT.Information.Renyi.RenyiDPI.HighAlpha (19s)
✔ [3155/3206] Built QIT.Information.Renyi.RenyiDPI.LowAlpha (7.5s)
✔ [3156/3206] Built QIT.Information.Renyi.FrankLieb.Concavity (20s)
✔ [3157/3206] Built QIT.Coding.Private.QubitDeformedNumerics (67s)
✔ [3158/3206] Built QIT.Information.Renyi.FrankLieb.DPI (6.2s)
✔ [3159/3206] Built QIT.Information.Renyi.RenyiDPI.TraceLogBridge (3.6s)
✔ [3160/3206] Built QIT.Information.Renyi.RenyiDPI.AlphaToOne (1.5s)
✔ [3161/3206] Built QIT.Information.Entropy.RelativeEntropyDPI (1.4s)
✔ [3162/3206] Built QIT.Information.Entropy.MutualInformationDPI (3.4s)
✔ [3163/3206] Built QIT.Information.Entropy.StrongSubadditivity (1.8s)
✔ [3164/3206] Built QIT.Coding.Classical.RandomnessDistribution (3.4s)
✔ [3165/3206] Built QIT.Information.Entropy.ConditionalEntropyConcavity (2.2s)
✔ [3166/3206] Built QIT.Information.AlickiFannesWinter (3.1s)
✔ [3167/3206] Built QIT.Coding.Classical.HSWConverse (2.9s)
✔ [3168/3206] Built QIT.Coding.Private.Basic (1.0s)
✔ [3169/3206] Built QIT.Coding.Private.RareSignal (2.3s)
✔ [3170/3206] Built QIT.Coding.Private.CapacityBounds (2.3s)
✔ [3171/3206] Built QIT.Coding.Private.ProductComplement (2.3s)
✔ [3172/3206] Built QIT.Coding.Private.TransposeCriterion (2.5s)
✔ [3173/3206] Built QIT.Coding.Private.BinaryHolevo (4.2s)
✔ [3174/3206] Built QIT.Coding.Private.HalfErasure (4.1s)
✔ [3175/3206] Built QIT.Coding.Private.QubitEncoding (5.1s)
✔ [3176/3206] Built QIT.Coding.Private.QubitRates (2.6s)
✔ [3177/3206] Built QIT.Coding.Private.ExplicitChannel (173s)
✔ [3178/3206] Built QIT.Coding.Private.SimulatorData (163s)
✔ [3179/3206] Built QIT.Coding.Private.QubitCertificates (10s)
✔ [3180/3206] Built QIT.Coding.Private.QubitEnvironment (3.0s)
✔ [3181/3206] Built QIT.Coding.Private.QubitReceiver (33s)
✔ [3182/3206] Built QIT.Coding.Private.QubitEvent (6.8s)
✔ [3183/3206] Built QIT.Coding.Private.QubitProduct (2.6s)
✔ [3184/3206] Built QIT.Coding.Private.QubitReference (3.0s)
✔ [3185/3206] Built QIT.Coding.Private.QubitFullReceiver (8.7s)
✔ [3186/3206] Built QIT.Coding.Private.QubitFullEnvironment (8.8s)
✔ [3187/3206] Built QIT.Coding.Private.QubitDeformedEncoding (17s)
✔ [3188/3206] Built QIT.Coding.Private.QubitDeformedData (6.0s)
✔ [3189/3206] Built QIT.Coding.Private.QubitDeformedEnsemble (6.7s)
✔ [3190/3206] Built QIT.Coding.Private.QubitDeformedSpectrum (24s)
✔ [3191/3206] Built QIT.Coding.Private.QubitStructure (68s)
✔ [3192/3206] Built QIT.Coding.Private.QubitDeformedMeasurement (63s)
✔ [3193/3206] Built QIT.Coding.Private.QubitDeformedFlaggedMeasurement (2.9s)
✔ [3194/3206] Built QIT.Coding.Private.QubitDeformedMeasuredTable (58s)
✔ [3195/3206] Built QIT.Coding.Private.QubitDeformedEnvironmentTable (321s)
✔ [3196/3206] Built QIT.Coding.Private.QubitDeformedMatrices (59s)
✔ [3197/3206] Built QIT.Coding.Private.QubitDeformedOutputs (56s)
✔ [3198/3206] Built QIT.Coding.Private.QubitDeformedEntropy (8.8s)
✔ [3199/3206] Built QIT.Coding.Private.QubitDeformedDiagonalEntropy (43s)
✔ [3200/3206] Built QIT.Coding.Private.QubitDeformedRate (2.3s)
✔ [3201/3206] Built QIT.Coding.Private.SimulatorCertificate (833s)
✔ [3202/3206] Built QIT.Coding.Private.TransposeSimulation (4.5s)
✔ [3203/3206] Built QIT.Coding.Private.QubitSuperactivation (1.4s)
✔ [3204/3206] Built QIT.Coding.Private.QubitDeformedSuperactivation (1.3s)
✔ [3205/3206] Built QIT (7.5s)
Build completed successfully (3206 jobs).
