✔ [3070/3184] Built QIT.Core.Components (285ms)
✔ [3071/3184] Built QIT.Init (2.7s)
✔ [3072/3184] Built QIT.Core.System (1.3s)
✔ [3073/3184] Built QIT.Util.TensorPower (1.5s)
✔ [3074/3184] Built QIT.Util.Matrix (4.7s)
✔ [3075/3184] Built QIT.States.Purification.GramFacts (6.6s)
✔ [3076/3184] Built QIT.Core.Measurement (11s)
✔ [3077/3184] Built QIT.Util.SDP.PSDCone (11s)
✔ [3078/3184] Built QIT.Util.CMatrixCLM (11s)
✔ [3079/3184] Built QIT.Util.Matrix.PosSqrt (11s)
✔ [3080/3184] Built QIT.Util.BlockMatrix (12s)
✔ [3081/3184] Built QIT.Core.State (13s)
✔ [3082/3184] Built QIT.States.Purification.PartialIsometry (17s)
✔ [3083/3184] Built QIT.States.PosSqrt (8.3s)
✔ [3084/3184] Built QIT.States.Product (8.4s)
✔ [3085/3184] Built QIT.Classical.Ensemble (9.6s)
✔ [3086/3184] Built QIT.Core.Pure (11s)
✔ [3087/3184] Built QIT.States.Purification.ReferenceExtension (8.7s)
✔ [3088/3184] Built QIT.States.TraceNorm.Distance (7.8s)
✔ [3089/3184] Built QIT.States.Purification.Predicate (6.2s)
✔ [3090/3184] Built QIT.States.PosSqrtOrder (10s)
✔ [3091/3184] Built QIT.Util.SDP.HermitianPSDTraceDuality (11s)
✔ [3092/3184] Built QIT.Core.Map (23s)
✔ [3093/3184] Built QIT.States.Geometry.Fidelity (8.3s)
✔ [3094/3184] Built QIT.States.TraceNorm.BlockMatrix (9.4s)
✔ [3095/3184] Built QIT.States.Purification.Gram (11s)
✔ [3096/3184] Built QIT.Classical.CQState (14s)
✔ [3097/3184] Built QIT.States.Purification.ReferenceIsometry (18s)
✔ [3098/3184] Built QIT.Core.Map.ChoiCharacterization (21s)
✔ [3099/3184] Built QIT.Core.Channel (25s)
✔ [3100/3184] Built QIT.States.Geometry.PureTargetFidelity (27s)
✔ [3101/3184] Built QIT.States.Purification.ReferenceUnitary (20s)
✔ [3102/3184] Built QIT.States.TraceNorm.Spectral (38s)
✔ [3103/3184] Built QIT.Measurements.Map (17s)
✔ [3104/3184] Built QIT.Information.CQChannel (18s)
✔ [3105/3184] Built QIT.Core.POVMProbability (19s)
✔ [3106/3184] Built QIT.States.Purification.PureGeometry (17s)
✔ [3107/3184] Built QIT.Core (15s)
✔ [3108/3184] Built QIT.Classical.Bridge (18s)
✔ [3109/3184] Built QIT.States.Purification.GramFactorization (52s)
✔ [3110/3184] Built QIT.States.Purification.Equivalence (10s)
✔ [3111/3184] Built QIT.States.TraceNorm.PositivePart (37s)
✔ [3112/3184] Built QIT.States.Schatten (93s)
✔ [3113/3184] Built QIT.Information.BinaryHypothesisTest.Classical (28s)
✔ [3114/3184] Built QIT.States.TraceNorm.Variational (25s)
✔ [3115/3184] Built QIT.HypothesisTesting.Basic (20s)
✔ [3116/3184] Built QIT.States.TraceNorm.PositivePartBlock (27s)
✔ [3117/3184] Built QIT.States.Purification.Schatten (20s)
✔ [3118/3184] Built QIT.States.MaximallyMixed (22s)
✔ [3119/3184] Built QIT.Measurements.Projective (35s)
✔ [3120/3184] Built QIT.States.MaximallyEntangled (23s)
✔ [3121/3184] Built QIT.Channels.Diamond (49s)
✔ [3122/3184] Built QIT.States.Purification.Canonical (10s)
✔ [3123/3184] Built QIT.States.TraceNorm.Audenaert (40s)
✔ [3124/3184] Built QIT.States.Subnormalized (9.4s)
✔ [3125/3184] Built QIT.States.Purification.Uhlmann (7.7s)
✔ [3126/3184] Built QIT.States.SubnormalizedTopology (14s)
✔ [3127/3184] Built QIT.States.Geometry.PurifiedDistance (12s)
✔ [3128/3184] Built QIT.States.Geometry.FidelityConcavity (12s)
✔ [3129/3184] Built QIT.States.Geometry.FuchsVdG (12s)
✔ [3130/3184] Built QIT.States.Purification.Conditioning (14s)
✔ [3131/3184] Built QIT.States.Topology (8.0s)
✔ [3132/3184] Built QIT.States.SubnormalizedConvexity (8.0s)
✔ [3133/3184] Built QIT.States.Geometry.PurifiedDistanceAngle (9.4s)
✔ [3134/3184] Built QIT.States.Geometry (2.4s)
✔ [3135/3184] Built QIT.Information.Entropy.Entropy (5.7s)
✔ [3136/3184] Built QIT.States (4.5s)
✔ [3137/3184] Built QIT.Information.Entropy.Holevo (5.9s)
✔ [3138/3184] Built QIT.Information.Entropy.Log2Lemmas (5.8s)
✔ [3139/3184] Built QIT.Information.Entropy.EntropyTensorPower (8.6s)
✔ [3140/3184] Built QIT.Information.Entropy.RelativeEntropyTraceLog (10s)
✔ [3141/3184] Built QIT.HypothesisTesting.MutualInformation (10s)
✔ [3142/3184] Built QIT.HypothesisTesting.ComparatorTest (6.7s)
✔ [3143/3184] Built QIT.Coding.Classical.HSW (12s)
✔ [3144/3184] Built QIT.Information.Renyi.Renyi (14s)
✔ [3145/3184] Built QIT.Information.Renyi.ConditionalRenyi (7.1s)
✔ [3146/3184] Built QIT.Information.BinaryHypothesisTest.Basic (7.4s)
✔ [3147/3184] Built QIT.Information.Renyi.RenyiDPIStatement (2.4s)
✔ [3148/3184] Built QIT.Information.Renyi.RenyiDPI.Domain (10s)
✔ [3149/3184] Built QIT.Information.BinaryHypothesisTest.Spectral (12s)
✔ [3150/3184] Built QIT.Information.BinaryHypothesisTest (3.9s)
✔ [3151/3184] Built QIT.Information.Renyi.FrankLieb.ScalarOperator (22s)
✔ [3152/3184] Built QIT.Information.Renyi.RenyiDPI.HighAlpha (24s)
✔ [3153/3184] Built QIT.Information.Renyi.FrankLieb.Variational (10s)
✔ [3154/3184] Built QIT.Information.Renyi.RenyiDPI.LowAlpha (8.1s)
✔ [3155/3184] Built QIT.Information.Renyi.FrankLieb.Concavity (16s)
✔ [3156/3184] Built QIT.Information.Renyi.FrankLieb.DPI (9.2s)
✔ [3157/3184] Built QIT.Information.Renyi.RenyiDPI.TraceLogBridge (8.7s)
✔ [3158/3184] Built QIT.Information.Renyi.RenyiDPI.AlphaToOne (3.7s)
✔ [3159/3184] Built QIT.Information.Entropy.RelativeEntropyDPI (1.8s)
✔ [3160/3184] Built QIT.Information.Entropy.MutualInformationDPI (4.6s)
✔ [3161/3184] Built QIT.Information.Entropy.StrongSubadditivity (2.9s)
✔ [3162/3184] Built QIT.Coding.Classical.RandomnessDistribution (5.6s)
✔ [3163/3184] Built QIT.Information.Entropy.ConditionalEntropyConcavity (4.0s)
✔ [3164/3184] Built QIT.Information.AlickiFannesWinter (4.6s)
✔ [3165/3184] Built QIT.Coding.Classical.HSWConverse (3.7s)
✔ [3166/3184] Built QIT.Coding.Private.Basic (2.4s)
✔ [3167/3184] Built QIT.Coding.Private.ProductComplement (4.8s)
✔ [3168/3184] Built QIT.Coding.Private.CapacityBounds (4.0s)
✔ [3169/3184] Built QIT.Coding.Private.RareSignal (5.0s)
✔ [3170/3184] Built QIT.Coding.Private.TransposeCriterion (5.2s)
✔ [3171/3184] Built QIT.Coding.Private.HalfErasure (6.1s)
✔ [3172/3184] Built QIT.Coding.Private.BinaryHolevo (6.4s)
✔ [3173/3184] Built QIT.Coding.Private.DominatedCoin (6.9s)
✔ [3174/3184] Built QIT.Coding.Private.GeneralErasure (11s)
✔ [3175/3184] Built QIT.Coding.Private.FlaggedCoin (8.3s)
✔ [3176/3184] Built QIT.Coding.Private.TransitionChannelData (42s)
✔ [3177/3184] Built QIT.Coding.Private.TransitionChannel (6.4s)
✔ [3178/3184] Built QIT.Coding.Private.TransitionEncodingData (185s)
✔ [3179/3184] Built QIT.Coding.Private.TransitionEncoding (6.3s)
✔ [3180/3184] Built QIT.Coding.Private.TransitionProduct (5.0s)
✔ [3181/3184] Built QIT.Coding.Private.TransitionSuperactivation (3.7s)
✔ [3182/3184] Built QIT.Coding.Private.TransitionPaperData (65s)
✔ [3183/3184] Built CurrentProof (23s)
Build completed successfully (3184 jobs).
